// Jest Snapshot v1, https://goo.gl/fbAQLP

exports[`subject stays unchanged 1`] = `
Object {
  "globalPath": "((GLOBAL))",
}
`;
