// Jest Snapshot v1, https://goo.gl/fbAQLP

exports[`merge function stays unchanged 1`] = `
Object {
  "a": "A",
  "arr": Array [
    "a",
    "b",
    "c",
    "d",
    "e",
    "f",
  ],
  "b": "B",
  "c": "C",
  "d": "D",
  "e": "E",
  "f": "F",
}
`;
